// Jest Snapshot v1, https://goo.gl/fbAQLP

exports[`MainJoin renders correctly 1`] = `
Array [
  <main
    className="main-join"
  >
    <div
      className="content"
    >
      <div
        className="text"
      >
        <h2>
          Join the
          <span
            className="pink-text"
          >
             fun.
          </span>
        </h2>
      </div>
    </div>
    <div
      className="container"
    >
      <form
        onSubmit={[Function]}
      >
        <div
          className="form-control"
        >
          <label
            for="name"
          >
            Name:
          </label>
          <input
            className="transparent-input"
            id="name"
            name="name"
            onBlur={[Function]}
            onChange={[Function]}
            type="text"
          />
        </div>
        <div
          className="form-control"
        >
          <label
            for="email"
          >
            Email:
          </label>
          <input
            className="transparent-input"
            id="email"
            name="email"
            onBlur={[Function]}
            onChange={[Function]}
            type="text"
          />
        </div>
        <div
          className="form-control"
        >
          <label
            for="password"
          >
            Password:
          </label>
          <input
            className="transparent-input"
            id="password"
            name="password"
            onBlur={[Function]}
            onChange={[Function]}
            type="password"
          />
        </div>
        <button
          className="button"
          type="submit"
        >
          Join Now
        </button>
      </form>
    </div>
  </main>,
  <div
    className="pink-circle"
  />,
  <div
    className="purple-circle"
  />,
  <footer
    className="footer"
  >
    <div
      className="Footer-Left"
    >
      <a
        className="t-button hover-t-buttons"
        href="/discover"
        onClick={[Function]}
      >
        About Us
      </a>
      <a
        className="t-button hover-t-buttons"
        href="/join"
        onClick={[Function]}
      >
        Contact
      </a>
    </div>
    <div
      className="Footer-Right"
    >
      <div
        className="twitter"
      >
        <img
          alt="LogoTwitter"
          className="logoRs"
          src="vector(1).png"
        />
        <a
          className="rs-button"
          href="https://twitter.com/?lang=es/"
        >
          Twitter
        </a>
      </div>
      <div
        className="facebook"
      >
        <img
          alt="LogoFacebook"
          className="logoRs"
          src="vector(2).png"
        />
        <a
          className="rs-button"
          href="https://es-es.facebook.com/"
        >
          Facebook
        </a>
      </div>
    </div>
  </footer>,
]
`;
